"VfL\n\"Bochum\"\n1848"
"\\\a\b\033\f\t\n\r\vWhat \?\?\?\017\322-"
