
V
Vf
VfL
VfL 
VfL B
VfL Bo
VfL Boc
VfL Boc
VfL Boc
VfL Boc
VfL Boc
VfL Boc
VfL Boc
VfL Boc
VfL Boc
