
V
Vf
VfL
VfL 
VfL B
VfL Bo
VfL Boc
VfL Boch
VfL Bochu
VfL Bochum
VfL Bochum 
VfL Bochum 1
VfL Bochum 18
VfL Bochum 184
VfL Bochum 1848

V
Vf
VfL
VfL 
VfL B
VfL Bo
VfL Boc
VfL Boch
VfL Bochu
VfL Bochum
VfL Bochum 
VfL Bochum 1
VfL Bochum 18
VfL Bochum 184
VfL Bochum 1848

V
Vf
VfL
VfL 
VfL B
VfL Bo
VfL Boc
VfL Boch
VfL Bochu
VfL Bochum
VfL Bochum 
VfL Bochum 1
VfL Bochum 18
VfL Bochum 184
VfL Bochum 1848

V
Vf
VfL
VfL 
VfL B
VfL Bo
VfL Boc
VfL Boch
VfL Bochu
VfL Bochum
VfL Bochum 
VfL Bochum 1
VfL Bochum 18
VfL Bochum 184
VfL Bochum 1848

V
Vf
VfL
VfL 
VfL B
VfL Bo
VfL Boc
VfL Boch
VfL Bochu
VfL Bochum
VfL Bochum 
VfL Bochum 1
VfL Bochum 18
VfL Bochum 184
VfL Bochum 1848

V
Vf
VfL
VfL 
VfL B
VfL Bo
VfL Boc
VfL Boch
VfL Bochu
VfL Bochum
VfL Bochum 
VfL Bochum 1
VfL Bochum 18
VfL Bochum 184
VfL Bochum 1848

V
Vf
VfL
VfL 
VfL B
VfL Bo
VfL Boc
VfL Boch
VfL Bochu
VfL Bochum
VfL Bochum 
VfL Bochum 1
VfL Bochum 18
VfL Bochum 184
VfL Bochum 1848

V
Vf
VfL
VfL 
VfL B
VfL Bo
VfL Boc
VfL Boch
VfL Bochu
VfL Bochum
VfL Bochum 
VfL Bochum 1
VfL Bochum 18
VfL Bochum 184
VfL Bochum 1848

V
Vf
VfL
VfL 
VfL B
VfL Bo
VfL Boc
VfL Boch
VfL Bochu
VfL Bochum
VfL Bochum 
VfL Bochum 1
VfL Bochum 18
VfL Bochum 184
VfL Bochum 1848

V
Vf
VfL
VfL 
VfL B
VfL Bo
VfL Boc
VfL Boch
VfL Bochu
VfL Bochum
VfL Bochum 
VfL Bochum 1
VfL Bochum 18
VfL Bochum 184
VfL Bochum 1848

V
Vf
VfL
VfL 
VfL B
VfL Bo
VfL Boc
VfL Boch
VfL Bochu
VfL Bochum
VfL Bochum 
VfL Bochum 1
VfL Bochum 18
VfL Bochum 184
VfL Bochum 1848

V
Vf
VfL
VfL 
VfL B
VfL Bo
VfL Boc
VfL Boch
VfL Bochu
VfL Bochum
VfL Bochum 
VfL Bochum 1
VfL Bochum 18
VfL Bochum 184
VfL Bochum 1848

V
Vf
VfL
VfL 
VfL B
VfL Bo
VfL Boc
VfL Boch
VfL Bochu
VfL Bochum
VfL Bochum 
VfL Bochum 1
VfL Bochum 18
VfL Bochum 184
VfL Bochum 1848

V
Vf
VfL
VfL 
VfL B
VfL Bo
VfL Boc
VfL Boch
VfL Bochu
VfL Bochum
VfL Bochum 
VfL Bochum 1
VfL Bochum 18
VfL Bochum 184
VfL Bochum 1848

V
Vf
VfL
VfL 
VfL B
VfL Bo
VfL Boc
VfL Boch
VfL Bochu
VfL Bochum
VfL Bochum 
VfL Bochum 1
VfL Bochum 18
VfL Bochum 184
VfL Bochum 1848

V
Vf
VfL
VfL 
VfL B
VfL Bo
VfL Boc
VfL Boch
VfL Bochu
VfL Bochum
VfL Bochum 
VfL Bochum 1
VfL Bochum 18
VfL Bochum 184
VfL Bochum 1848

V
Vf
VfL
VfL 
VfL B
VfL Bo
VfL Boc
VfL Boch
VfL Bochu
VfL Bochum
VfL Bochum 
VfL Bochum 1
VfL Bochum 18
VfL Bochum 184
VfL Bochum 1848
