  8: *******
  0 OVERFLOW: 
  0 OVERFLOW: 
  0 OVERFLOW: 
  0 OVERFLOW: 
