"VfL\n\"Bochum\"\n1848"
"\\\a\b\e\f\r\n\r\vWhat \?\?\?\017\322-"
