WRITEONLY:
   write:
      assert succeeded: mulle_buffer_add_byte (type: 80)
      assert succeeded: mulle_buffer_add_string (type: 80)
      assert succeeded: mulle_buffer_add_char (type: 80)
      assert succeeded: mulle_buffer_add_uint16 (type: 80)
      assert succeeded: mulle_buffer_add_uint32 (type: 80)
      assert succeeded: mulle_buffer_memset (type: 80)
      assert succeeded: mulle_buffer_zero_last_byte (type: 80)
      assert succeeded: mulle_buffer_add_c_string (type: 80)
      assert succeeded: mulle_buffer_add_c_chars (type: 80)
      assert succeeded: mulle_buffer_add_string_if_empty (type: 80)
      assert succeeded: mulle_buffer_add_string_if_not_empty (type: 80)
      assert succeeded: mulle_buffer_add_string_with_maxlength (type: 80)
      assert succeeded: mulle_buffer_make_string (type: 80)
      assert succeeded: mulle_buffer_remove_all (type: 80)
      assert succeeded: mulle_buffer_remove_in_range (type: 80)
      assert succeeded: mulle_buffer_set_length (type: 80)
      assert succeeded: mulle_buffer_get_string (type: 80)
      assert succeeded: mulle_buffer_extract_string (type: 80)
   read:
      assert failed: mulle_buffer_get_last_byte (type: 80)
      assert failed: mulle_buffer_get_byte (type: 80)
      assert failed: mulle_buffer_next_byte (type: 80)
      assert failed: mulle_buffer_next_character (type: 80)
      assert failed: mulle_buffer_peek_byte (type: 80)
      assert failed: mulle_buffer_seek_byte (type: 80)
      assert failed: mulle_buffer_next_bytes (type: 80)
      assert failed: mulle_buffer_reference_bytes (type: 80)
   harmless:
READONLY:
   write:
      assert failed: mulle_buffer_add_byte (type: 40)
      assert failed: mulle_buffer_add_string (type: 40)
      assert failed: mulle_buffer_add_char (type: 40)
      assert failed: mulle_buffer_add_uint16 (type: 40)
      assert failed: mulle_buffer_add_uint32 (type: 40)
      assert failed: mulle_buffer_memset (type: 40)
      assert failed: mulle_buffer_zero_last_byte (type: 40)
      assert failed: mulle_buffer_add_c_string (type: 40)
      assert failed: mulle_buffer_add_c_chars (type: 40)
      assert failed: mulle_buffer_add_string_if_empty (type: 40)
      assert failed: mulle_buffer_add_string_if_not_empty (type: 40)
      assert failed: mulle_buffer_add_string_with_maxlength (type: 40)
      assert failed: mulle_buffer_make_string (type: 40)
      assert failed: mulle_buffer_remove_all (type: 40)
      assert failed: mulle_buffer_remove_in_range (type: 40)
      assert failed: mulle_buffer_set_length (type: 40)
      assert failed: mulle_buffer_get_string (type: 40)
      assert failed: mulle_buffer_extract_string (type: 40)
   read:
      assert succeeded: mulle_buffer_get_last_byte (type: 40)
      assert succeeded: mulle_buffer_get_byte (type: 40)
      assert succeeded: mulle_buffer_next_byte (type: 40)
      assert succeeded: mulle_buffer_next_character (type: 40)
      assert succeeded: mulle_buffer_peek_byte (type: 40)
      assert succeeded: mulle_buffer_seek_byte (type: 40)
      assert succeeded: mulle_buffer_next_bytes (type: 40)
      assert succeeded: mulle_buffer_reference_bytes (type: 40)
   harmless:
