1: ""
2: "V8"
3: "VfL Bochum 184"
4: "fL Bochum 1848"
5: "VfL Bochum 1848"
