................................
012345678
0123X
012Y
012YX5678......................Z
